// Jest Snapshot v1, https://goo.gl/fbAQLP

exports[`<CustomTitle /> component matches <CustomTitle /> component snapshot 1`] = `
<View
  collapsable={false}
  pointerEvents="box-none"
  style={
    Object {
      "flex": 1,
    }
  }
>
  <Text
    accessibilityLabel="title"
    style={
      Array [
        Object {
          "color": "#333333",
          "fontFamily": "System",
          "fontWeight": "400",
          "textAlign": "left",
        },
        Array [
          Object {
            "color": "rgba(51, 51, 51, 0.87)",
            "fontFamily": "System",
            "fontWeight": "500",
            "textAlign": "left",
            "writingDirection": "ltr",
          },
          Array [
            Object {
              "fontSize": 20,
              "letterSpacing": 0.15,
              "lineHeight": 30,
              "marginVertical": 2,
            },
            Object {
              "fontSize": 24,
            },
          ],
        ],
      ]
    }
    testID="title"
  >
    This is a title
  </Text>
</View>
`;
